{
  "schema_version": 1,
  "tool": "detect-secrets",
  "tool_version": "1.5.0",
  "owner": "Survey Scribe maintainers",
  "rationale": "Reviewed synthetic test values, fixture digests, and OCR artifact checksums; no live credential material.",
  "expires": "2027-09-03",
  "entries": [
    ["docs/guides/use-cases.md", "Secret Keyword", "5c6a80dd6c5c8773d040e30e418a99075641360d"],
    ["scripts/check_workflow_policy.py", "Hex High Entropy String", "d3737590734095b26795d3639b3182ef32d19a7a"],
    ["scripts/check_workflow_policy.py", "Hex High Entropy String", "e4d4fc0e34bc40fa4bf6ccd32e71c7e6d966944c"],
    ["scripts/check_workflow_policy.py", "Hex High Entropy String", "5d4d549c23797c70d3d2e8ee5b2ee6b6ddd160cb"],
    ["scripts/check_workflow_policy.py", "Hex High Entropy String", "15b02e87ded8d958285f5240bc1b63e97eddecf3"],
    ["scripts/check_workflow_policy.py", "Hex High Entropy String", "e3bf41d5f0b28a23e0f91ef4ca4752939c345c17"],
    ["src/survey_scribe/config.py", "Secret Keyword", "665b1e3851eefefa3fb878654292f16597d25155"],
    ["src/survey_scribe/sources/ocr.py", "Hex High Entropy String", "a400200a059b531a9ad53291f165deecd14af65f"],
    ["src/survey_scribe/sources/ocr.py", "Hex High Entropy String", "a2ab8f7bae4107a3e6b557a905266dab428f757d"],
    ["tests/cli/test_configuration.py", "Secret Keyword", "21d87b9db5c86c529ee610a0031ef233a5533d52"],
    ["tests/contract/providers/test_openai_compatible.py", "Secret Keyword", "0ba9927dc8deb33a61c711371f7ace3407591191"],
    ["tests/contract/providers/test_openai_compatible.py", "Secret Keyword", "3acfb2c2b433c0ea7ff107e33df91b18e52f960f"],
    ["tests/contract/providers/test_provider_adapters.py", "Secret Keyword", "0ba9927dc8deb33a61c711371f7ace3407591191"],
    ["tests/contract/providers/test_provider_adapters.py", "Secret Keyword", "a62f2225bf70bfaccbc7f1ef2a397836717377de"],
    ["tests/contract/sources/test_document_security.py", "Hex High Entropy String", "905f44f7d5d6523ddbb5050acd4cb12b832cbf19"],
    ["tests/contract/sources/test_ocr_validator.py", "Hex High Entropy String", "a400200a059b531a9ad53291f165deecd14af65f"],
    ["tests/contract/sources/test_ocr_validator.py", "Hex High Entropy String", "a2ab8f7bae4107a3e6b557a905266dab428f757d"],
    ["tests/fixtures/golden/manifest.toml", "Hex High Entropy String", "db5cc8eae70628e903ab08584af9ba8e23233a09"],
    ["tests/fixtures/routing/manifest.toml", "Hex High Entropy String", "502ec3f4ff244e6ae7c8eabeaa12c8c80d927a12"],
    ["tests/fixtures/routing/manifest.toml", "Hex High Entropy String", "ce2ed52ceab09d7029298721a82c8b689fa7b5f6"],
    ["tests/fixtures/routing/manifest.toml", "Hex High Entropy String", "146c430c6a3c781e4a4f207b2279ad39b8eea06b"],
    ["tests/fixtures/routing/manifest.toml", "Hex High Entropy String", "a6c81b61b312617639710b3f03a1736408746d3c"],
    ["tests/fixtures/routing/manifest.toml", "Hex High Entropy String", "9a152930dcd8999f7fabfbde023a7d78cff23b31"],
    ["tests/fixtures/routing/manifest.toml", "Hex High Entropy String", "c56249a79ca2baf1155d4f9d3aaf2d21bbb5edf7"],
    ["tests/fixtures/routing/manifest.toml", "Hex High Entropy String", "98932ea004eeb3d5e014276c39968d5c9b136528"],
    ["tests/fixtures/routing/manifest.toml", "Hex High Entropy String", "82186641a5046e88be55462898310f5db7ec6184"],
    ["tests/fixtures/routing/manifest.toml", "Hex High Entropy String", "ad7dc78a1b285aae012a1ce2ab60c6237fe7f6f9"],
    ["tests/fixtures/routing/manifest.toml", "Hex High Entropy String", "f6cd9bc1a997ad464155c8a5ec69babb1f61b481"],
    ["tests/fixtures/routing/manifest.toml", "Hex High Entropy String", "e8961f29055fc20201df53cc36b0647b02ca8ae4"],
    ["tests/fixtures/routing/manifest.toml", "Hex High Entropy String", "80bdb2174e30cd245fcfaaa8b4d15726f4c31eeb"],
    ["tests/fixtures/routing/manifest.toml", "Hex High Entropy String", "aa6ddce5f53647f89de9bdf49bd51d0746132368"],
    ["tests/fixtures/routing/manifest.toml", "Hex High Entropy String", "aaa6e0f8c6695c84f23670bae3c9ebbd91a83941"],
    ["tests/fixtures/routing_mechanics/manifest.toml", "Hex High Entropy String", "93470336a8ab5da829f7d43416afe21c121a1d2e"],
    ["tests/fixtures/routing_mechanics/manifest.toml", "Hex High Entropy String", "0bc00a877a223190e976d54acd1d491f1b9808b4"],
    ["tests/fixtures/routing_mechanics/routing-evaluation-v1.json", "Hex High Entropy String", "5bbf12db3b4931b1a74294467ef48f96340b6c30"],
    ["tests/integration/test_public_api.py", "Secret Keyword", "3acfb2c2b433c0ea7ff107e33df91b18e52f960f"],
    ["tests/security/test_security_gates.py", "Secret Keyword", "f28dcc59e0ba9881bcd1f704979562be4d2ae683"],
    ["tests/unit/test_artifacts.py", "Secret Keyword", "bbf117c9fd27dcf5e9a1f206c8aba589850cb5fb"],
    ["tests/unit/test_artifacts.py", "Basic Auth Credentials", "5baa61e4c9b93f3f0682250b6cf8331b7ee68fd8"],
    ["tests/unit/test_config.py", "Secret Keyword", "a47110e348a3063541fb1f1f640d635d457181a0"],
    ["tests/unit/test_config.py", "Secret Keyword", "99beb48dea02c6f9035f7a84f06bbc404ef3d239"],
    ["tests/unit/test_config.py", "Secret Keyword", "9247e92e3d5c3957c5f5480ec8917b9100baa32d"],
    ["tests/unit/test_config.py", "Secret Keyword", "b3e1a1a12d7a413bdb15981856e5b6e6c77b7ad8"],
    ["tests/unit/test_config.py", "Secret Keyword", "195ebcf2d91256981b9f788bcd0707dbfc1b3b3d"],
    ["tests/unit/test_config.py", "Basic Auth Credentials", "5baa61e4c9b93f3f0682250b6cf8331b7ee68fd8"],
    ["tests/unit/test_config.py", "Secret Keyword", "cb86a7edb7e1c8c09a88fe66b152493ac4e7dfd3"],
    ["tests/unit/test_config.py", "Secret Keyword", "a62f2225bf70bfaccbc7f1ef2a397836717377de"],
    ["tests/unit/test_errors.py", "Secret Keyword", "34ab44f5b2e19e449735e2493e29a475d30b4a0d"],
    ["tests/unit/test_routing_artifacts.py", "Secret Keyword", "2c35baf5aa803a12df64c64b97df0445c46aeb03"],
    ["tests/unit/test_routing_fixture_policy.py", "Private Key", "1348b145fa1a555461c1b790a2f66614781091e9"],
    ["tests/unit/test_routing_fixture_policy.py", "AWS Access Key", "25910f981e85ca04baf359199dd0bd4a3ae738b6"],
    ["tests/unit/test_routing_prompts.py", "Hex High Entropy String", "a53ae432800dcfb5ae37c2376c67933eebf350e9"],
    ["tests/unit/test_routing_prompts.py", "Hex High Entropy String", "39ba6d8cd90309c64d97a28e189a156e69fdb18a"],
    ["tests/unit/test_routing_prompts.py", "Hex High Entropy String", "454f0d28769d1cce8effb63873a17bb9600fa9dc"],
    ["tests/unit/test_routing_prompts.py", "Hex High Entropy String", "c3ab9fb166ee95d5fb84e73f14c91091dd0dd5a5"]
  ]
}
